2026-06-06 13:09:40,099 - INFO - Latest prices fetched successfully
2026-06-06 13:14:35,565 - INFO - Health check endpoint called
2026-06-06 13:16:45,639 - INFO - Analytics calculated successfully
2026-06-06 13:24:42,545 - INFO - Latest prices fetched successfully
2026-06-06 13:25:08,718 - INFO - Alerts fetched successfully
2026-06-06 13:25:33,820 - INFO - Analytics calculated successfully
2026-06-08 16:30:33,990 - INFO - Coins endpoint called
2026-06-08 16:33:06,257 - INFO - Health check endpoint called
2026-06-08 16:44:14,082 - INFO - Health check endpoint called
2026-06-08 16:45:26,232 - INFO - Health check endpoint called
2026-06-08 16:45:53,790 - INFO - Latest prices fetched successfully
2026-06-12 10:54:33,979 - INFO - Health check endpoint called
2026-06-12 10:54:42,877 - INFO - Coins endpoint called
2026-06-12 10:54:49,826 - INFO - Latest prices fetched successfully
2026-06-12 10:54:58,910 - INFO - Historical prices fetched successfully
2026-06-12 10:55:12,384 - INFO - Analytics calculated successfully
2026-06-12 10:55:34,883 - INFO - Alerts fetched successfully
2026-06-12 15:22:28,543 - INFO - Advanced analytics calculated successfully
2026-06-12 15:41:53,562 - INFO - Advanced analytics with volume calculated successfully
2026-06-15 10:37:19,669 - INFO - Historical prices fetched successfully
2026-06-15 10:38:10,010 - INFO - Advanced analytics with volume calculated successfully
2026-06-15 10:44:46,727 - INFO - Latest prices fetched successfully
2026-06-15 10:45:07,238 - INFO - Historical prices fetched successfully
2026-06-15 10:45:23,321 - INFO - Advanced analytics with volume calculated successfully
2026-06-15 10:45:33,447 - INFO - Alerts fetched successfully
2026-06-15 11:00:03,512 - INFO - Latest prices fetched successfully
2026-06-15 11:05:24,472 - INFO - Alert created successfully
2026-06-15 11:12:47,982 - INFO - Alerts fetched successfully
2026-06-15 11:15:12,611 - INFO - Alert updated successfully
2026-06-15 11:16:07,509 - INFO - Alert deleted successfully
